// Vitest Snapshot v1, https://vitest.dev/guide/snapshot.html

exports[`matches snapshot 1`] = `
<div>
  <div
    class="text-center md:text-left"
  >
    <h1
      class="text-6xl font-bold tracking-tighter"
    >
      404
    </h1>
    <p
      class="text-2xl tracking-tight text-black/60 dark:text-white/60"
    >
      Page not found
    </p>
    <div
      class="mt-6"
    >
      <a
        class="relative inline-flex h-10 cursor-pointer flex-nowrap items-center justify-center rounded-sm bg-gray-100/50 px-4 font-semibold text-black outline-hidden ring-blue-500 ring-offset-2 ring-offset-white drop-shadow-sm transition-colors hover:bg-gray-100/75 focus-visible:ring-2 dark:bg-gray-900/50 dark:text-white dark:ring-blue-400 dark:ring-offset-gray-800 dark:hover:bg-gray-900/75"
        href="/"
      >
        Return home
      </a>
    </div>
  </div>
</div>
`;
